
> ai-startup-validator@0.1.0 build
> next build

Γû▓ Next.js 16.2.2 (Turbopack)

  Creating an optimized production build ...
Γ£ô Compiled successfully in 5.2s
  Running TypeScript ...
node.exe : Failed to type check.
At C:\Program Files\nodejs\npm.ps1:29 char:3
+   & $NODE_EXE $NPM_CLI_JS $args
+   ~~~~~~~~~~~~~~~~~~~~~~~~~~~~~
    + CategoryInfo          : NotSpecified: (Failed to type check.:String) [], 
    RemoteException
    + FullyQualifiedErrorId : NativeCommandError
 

.next/types/validator.ts:81:31
Type error: Type 'typeof import("C:/Users/Hp/Desktop/Schmooze_Media_Assignment/
ai-startup-validator/app/api/ideas/[id]/route")' does not satisfy the 
constraint 'RouteHandlerConfig<"/api/ideas/[id]">'.
  Types of property 'GET' are incompatible.
    Type '(_request: Request, { params }: { params: { id: string; }; }) => 
Promise<NextResponse<{ success: boolean; error: string; }> | NextResponse<{ 
success: boolean; data: Document<unknown, {}, IdeaDocument> & IdeaDocument & { 
...; }; }>>' is not assignable to type '(request: NextRequest, context: { 
params: Promise<{ id: string; }>; }) => void | Response | Promise<void | 
Response>'.
      Types of parameters '__1' and 'context' are incompatible.
        Type '{ params: Promise<{ id: string; }>; }' is not assignable to type 
'{ params: { id: string; }; }'.
          Types of property 'params' are incompatible.
            Property 'id' is missing in type 'Promise<{ id: string; }>' but 
required in type '{ id: string; }'.

  [90m79 |[0m   [36mtype[0m __IsExpected<[33mSpecific[0m 
[36mextends[0m [33mRouteHandlerConfig[0m<[32m"/api/ideas/[id]"[0m>> = 
[33mSpecific[0m
  [90m80 |[0m   [36mconst[0m handler = {} [36mas[0m [36mtypeof[0m 
[36mimport[0m([32m"../../app/api/ideas/[id]/route.js"[0m)
[31m[1m>[0m [90m81 |[0m   [36mtype[0m __Check = 
__IsExpected<[36mtypeof[0m handler>
  [90m   |[0m                               [31m[1m^[0m
  [90m82 |[0m   [90m// @ts-ignore[0m
  [90m83 |[0m   [36mtype[0m __Unused = __Check
  [90m84 |[0m }
Next.js build worker exited with code: 1 and signal: null
